// Jest Snapshot v1, https://goo.gl/fbAQLP

exports[`App unit tests should match last snapshot also 1`] = `
<Fragment>
  <WithStyles(CssBaseline) />
  <div
    className="App"
  >
    <header
      className="App-header"
    >
      Hello World
    </header>
  </div>
</Fragment>
`;
